FSM 1 : VALID TRANSITION GRAPH

00 : STATE IS REACHABLE FROM OUTSIDE.

   OUTGOING TRANSITIONS:
      01
      11

   INCOMING TRANSITIONS:
      01


01 : FSM STATE NOT REACHABLE FROM OUTSIDE.

   OUTGOING TRANSITIONS:
      11
      00

   INCOMING TRANSITIONS:
      00
      11


11 : FSM STATE NOT REACHABLE FROM OUTSIDE.

   OUTGOING TRANSITIONS:
      01

   INCOMING TRANSITIONS:
      00
      01


FSM 1 : VALID TRANSITION GRAPH

00 : STATE IS REACHABLE FROM OUTSIDE.

   OUTGOING TRANSITIONS:
      11
      01
      00

   INCOMING TRANSITIONS:
      00
      01
      11


01 : FSM STATE NOT REACHABLE FROM OUTSIDE.

   OUTGOING TRANSITIONS:
      11
      01
      00

   INCOMING TRANSITIONS:
      00
      01
      11


11 : FSM STATE NOT REACHABLE FROM OUTSIDE.

   OUTGOING TRANSITIONS:
      00
      11
      01

   INCOMING TRANSITIONS:
      00
      01
      11


FSM 1 : VALID TRANSITION GRAPH

00 : STATE IS REACHABLE FROM OUTSIDE.

   OUTGOING TRANSITIONS:
      11
      01
      00

   INCOMING TRANSITIONS:
      00
      01
      11


01 : FSM STATE NOT REACHABLE FROM OUTSIDE.

   OUTGOING TRANSITIONS:
      11
      01
      00

   INCOMING TRANSITIONS:
      00
      01
      11


11 : FSM STATE NOT REACHABLE FROM OUTSIDE.

   OUTGOING TRANSITIONS:
      00
      11
      01

   INCOMING TRANSITIONS:
      00
      01
      11


FSM 1 : VALID TRANSITION GRAPH

00 : STATE IS REACHABLE FROM OUTSIDE.

   OUTGOING TRANSITIONS:
      01
      11

   INCOMING TRANSITIONS:
      01


01 : FSM STATE NOT REACHABLE FROM OUTSIDE.

   OUTGOING TRANSITIONS:
      11
      00

   INCOMING TRANSITIONS:
      00
      11


11 : FSM STATE NOT REACHABLE FROM OUTSIDE.

   OUTGOING TRANSITIONS:
      01

   INCOMING TRANSITIONS:
      00
      01


FSM 1 : VALID TRANSITION GRAPH

00 : STATE IS REACHABLE FROM OUTSIDE.

   OUTGOING TRANSITIONS:
      01
      11

   INCOMING TRANSITIONS:
      01


01 : FSM STATE NOT REACHABLE FROM OUTSIDE.

   OUTGOING TRANSITIONS:
      11
      00

   INCOMING TRANSITIONS:
      00
      11


11 : FSM STATE NOT REACHABLE FROM OUTSIDE.

   OUTGOING TRANSITIONS:
      01

   INCOMING TRANSITIONS:
      00
      01


FSM 1 : VALID TRANSITION GRAPH

00 : STATE IS REACHABLE FROM OUTSIDE.

   OUTGOING TRANSITIONS:
      01
      11

   INCOMING TRANSITIONS:
      01


01 : FSM STATE NOT REACHABLE FROM OUTSIDE.

   OUTGOING TRANSITIONS:
      11
      00

   INCOMING TRANSITIONS:
      00
      11


11 : FSM STATE NOT REACHABLE FROM OUTSIDE.

   OUTGOING TRANSITIONS:
      01

   INCOMING TRANSITIONS:
      00
      01


FSM 1 : VALID TRANSITION GRAPH

00 : STATE IS REACHABLE FROM OUTSIDE.

   OUTGOING TRANSITIONS:
      01
      11

   INCOMING TRANSITIONS:
      01


01 : FSM STATE NOT REACHABLE FROM OUTSIDE.

   OUTGOING TRANSITIONS:
      11
      00

   INCOMING TRANSITIONS:
      00
      11


11 : FSM STATE NOT REACHABLE FROM OUTSIDE.

   OUTGOING TRANSITIONS:
      01

   INCOMING TRANSITIONS:
      00
      01


FSM 1 : VALID TRANSITION GRAPH

00 : STATE IS REACHABLE FROM OUTSIDE.

   OUTGOING TRANSITIONS:
      11
      01
      00

   INCOMING TRANSITIONS:
      00
      01
      11


01 : FSM STATE NOT REACHABLE FROM OUTSIDE.

   OUTGOING TRANSITIONS:
      11
      01
      00

   INCOMING TRANSITIONS:
      00
      01
      11


11 : FSM STATE NOT REACHABLE FROM OUTSIDE.

   OUTGOING TRANSITIONS:
      00
      11
      01

   INCOMING TRANSITIONS:
      00
      01
      11


FSM 1 : VALID TRANSITION GRAPH

00 : STATE IS REACHABLE FROM OUTSIDE.

   OUTGOING TRANSITIONS:
      01
      11

   INCOMING TRANSITIONS:
      01


01 : FSM STATE NOT REACHABLE FROM OUTSIDE.

   OUTGOING TRANSITIONS:
      11
      00

   INCOMING TRANSITIONS:
      00
      11


11 : FSM STATE NOT REACHABLE FROM OUTSIDE.

   OUTGOING TRANSITIONS:
      01

   INCOMING TRANSITIONS:
      00
      01


